
 ==============================
 S N O P T  7.2-5    (May 2007)
 ==============================
 
 SNMEMB EXIT 100 -- finished successfully
 SNMEMB INFO 104 -- memory requirements estimated

 ==============================
 S N O P T  7.2-5    (May 2007)
 ==============================
 
 

 Nonlinear constraints       1     Linear constraints       0
 Nonlinear variables         2     Linear variables         0
 Jacobian  variables         2     Objective variables      2
 Total constraints           1     Total variables          2
 

 
 The user has defined       2   out of       2   constraint gradients.
 The user has defined       2   out of       2   objective  gradients.
 

 Major Minors     Step   nCon Feasible  Optimal  MeritFunction    nS Penalty
     0      1               1  1.5E+01  1.1E+00  2.2000000E+01     1           r
     1      1  9.4E-02      2  6.8E+00  1.1E+00  4.7476944E+02     1 4.4E+00 n rl
     2      1  1.0E-01      3  4.1E+00  3.5E+00  6.1253075E+02     1 6.4E+00 s  l
     3      1  7.0E-01      4  4.1E-01  1.1E+00  5.2373611E+00     1 2.5E+00    l
     4      1  1.0E+00      5 (0.0E+00) 1.3E+00 -2.5283194E+01     1 2.5E+00
     5      1  1.0E+00      6 (0.0E+00) 2.9E-01 -2.6967901E+01     1 2.5E+00
     6      0  1.0E+00      7 (0.0E+00)(8.9E-16)-2.7083333E+01     1 2.5E+00
 
 SNOPTC EXIT   0 -- finished successfully
 SNOPTC INFO   1 -- optimality conditions satisfied

 Problem name                 Little T
 No. of iterations                   6   Objective value     -2.7083333333E+01
 No. of major iterations             6   Linear objective     0.0000000000E+00
 Penalty parameter           2.538E+00   Nonlinear objective -2.7083333333E+01
 No. of calls to funobj              8   No. of calls to funcon              8
 No. of superbasics                  1   No. of basic nonlinears             1
 No. of degenerate steps             0   Percentage                       0.00
 Max x                       2 7.8E+00   Max pi                      1 5.0E-01
 Max Primal infeas           0 0.0E+00   Max Dual infeas             2 1.8E-15
 Nonlinear constraint violn    0.0E+00
 
 

 Solution printed on file  18
 
 Time for MPS input                             0.00 seconds
 Time for solving problem                       0.02 seconds
 Time for solution output                       0.00 seconds
 Time for constraint functions                  0.03 seconds
 Time for objective function                    0.00 seconds
